Archive member included because of file (symbol)

d:/ma downloads/drive-download-20230713t222728z-001/01- imt sdk/imt_sdk_win_32/imt_sdk_win_32/winavr/bin/../lib/gcc/avr/4.3.3/avr5\libgcc.a(_exit.o)
                              d:/ma downloads/drive-download-20230713t222728z-001/01- imt sdk/imt_sdk_win_32/imt_sdk_win_32/winavr/bin/../lib/gcc/avr/4.3.3/../../../../avr/lib/avr5/crtm32.o (exit)
d:/ma downloads/drive-download-20230713t222728z-001/01- imt sdk/imt_sdk_win_32/imt_sdk_win_32/winavr/bin/../lib/gcc/avr/4.3.3/avr5\libgcc.a(_copy_data.o)
                              ./HAL/LCD/LCD.o (__do_copy_data)
d:/ma downloads/drive-download-20230713t222728z-001/01- imt sdk/imt_sdk_win_32/imt_sdk_win_32/winavr/bin/../lib/gcc/avr/4.3.3/avr5\libgcc.a(_clear_bss.o)
                              ./MCAL/Timers/Timer0/Timer_program.o (__do_clear_bss)
d:/ma downloads/drive-download-20230713t222728z-001/01- imt sdk/imt_sdk_win_32/imt_sdk_win_32/winavr/bin/../lib/gcc/avr/4.3.3/avr5\libgcc.a(_fixunssfsi.o)
                              ./HAL/LCD/LCD.o (__fixunssfsi)
d:/ma downloads/drive-download-20230713t222728z-001/01- imt sdk/imt_sdk_win_32/imt_sdk_win_32/winavr/bin/../lib/gcc/avr/4.3.3/avr5\libgcc.a(_addsub_sf.o)
                              d:/ma downloads/drive-download-20230713t222728z-001/01- imt sdk/imt_sdk_win_32/imt_sdk_win_32/winavr/bin/../lib/gcc/avr/4.3.3/avr5\libgcc.a(_fixunssfsi.o) (__subsf3)
d:/ma downloads/drive-download-20230713t222728z-001/01- imt sdk/imt_sdk_win_32/imt_sdk_win_32/winavr/bin/../lib/gcc/avr/4.3.3/avr5\libgcc.a(_mul_sf.o)
                              ./HAL/LCD/LCD.o (__mulsf3)
d:/ma downloads/drive-download-20230713t222728z-001/01- imt sdk/imt_sdk_win_32/imt_sdk_win_32/winavr/bin/../lib/gcc/avr/4.3.3/avr5\libgcc.a(_gt_sf.o)
                              ./HAL/LCD/LCD.o (__gtsf2)
d:/ma downloads/drive-download-20230713t222728z-001/01- imt sdk/imt_sdk_win_32/imt_sdk_win_32/winavr/bin/../lib/gcc/avr/4.3.3/avr5\libgcc.a(_ge_sf.o)
                              d:/ma downloads/drive-download-20230713t222728z-001/01- imt sdk/imt_sdk_win_32/imt_sdk_win_32/winavr/bin/../lib/gcc/avr/4.3.3/avr5\libgcc.a(_fixunssfsi.o) (__gesf2)
d:/ma downloads/drive-download-20230713t222728z-001/01- imt sdk/imt_sdk_win_32/imt_sdk_win_32/winavr/bin/../lib/gcc/avr/4.3.3/avr5\libgcc.a(_lt_sf.o)
                              ./HAL/LCD/LCD.o (__ltsf2)
d:/ma downloads/drive-download-20230713t222728z-001/01- imt sdk/imt_sdk_win_32/imt_sdk_win_32/winavr/bin/../lib/gcc/avr/4.3.3/avr5\libgcc.a(_sf_to_si.o)
                              d:/ma downloads/drive-download-20230713t222728z-001/01- imt sdk/imt_sdk_win_32/imt_sdk_win_32/winavr/bin/../lib/gcc/avr/4.3.3/avr5\libgcc.a(_fixunssfsi.o) (__fixsfsi)
d:/ma downloads/drive-download-20230713t222728z-001/01- imt sdk/imt_sdk_win_32/imt_sdk_win_32/winavr/bin/../lib/gcc/avr/4.3.3/avr5\libgcc.a(_thenan_sf.o)
                              d:/ma downloads/drive-download-20230713t222728z-001/01- imt sdk/imt_sdk_win_32/imt_sdk_win_32/winavr/bin/../lib/gcc/avr/4.3.3/avr5\libgcc.a(_addsub_sf.o) (__thenan_sf)
d:/ma downloads/drive-download-20230713t222728z-001/01- imt sdk/imt_sdk_win_32/imt_sdk_win_32/winavr/bin/../lib/gcc/avr/4.3.3/avr5\libgcc.a(_prologue.o)
                              d:/ma downloads/drive-download-20230713t222728z-001/01- imt sdk/imt_sdk_win_32/imt_sdk_win_32/winavr/bin/../lib/gcc/avr/4.3.3/avr5\libgcc.a(_addsub_sf.o) (__prologue_saves__)
d:/ma downloads/drive-download-20230713t222728z-001/01- imt sdk/imt_sdk_win_32/imt_sdk_win_32/winavr/bin/../lib/gcc/avr/4.3.3/avr5\libgcc.a(_epilogue.o)
                              d:/ma downloads/drive-download-20230713t222728z-001/01- imt sdk/imt_sdk_win_32/imt_sdk_win_32/winavr/bin/../lib/gcc/avr/4.3.3/avr5\libgcc.a(_addsub_sf.o) (__epilogue_restores__)
d:/ma downloads/drive-download-20230713t222728z-001/01- imt sdk/imt_sdk_win_32/imt_sdk_win_32/winavr/bin/../lib/gcc/avr/4.3.3/avr5\libgcc.a(_pack_sf.o)
                              d:/ma downloads/drive-download-20230713t222728z-001/01- imt sdk/imt_sdk_win_32/imt_sdk_win_32/winavr/bin/../lib/gcc/avr/4.3.3/avr5\libgcc.a(_addsub_sf.o) (__pack_f)
d:/ma downloads/drive-download-20230713t222728z-001/01- imt sdk/imt_sdk_win_32/imt_sdk_win_32/winavr/bin/../lib/gcc/avr/4.3.3/avr5\libgcc.a(_unpack_sf.o)
                              d:/ma downloads/drive-download-20230713t222728z-001/01- imt sdk/imt_sdk_win_32/imt_sdk_win_32/winavr/bin/../lib/gcc/avr/4.3.3/avr5\libgcc.a(_addsub_sf.o) (__unpack_f)
d:/ma downloads/drive-download-20230713t222728z-001/01- imt sdk/imt_sdk_win_32/imt_sdk_win_32/winavr/bin/../lib/gcc/avr/4.3.3/avr5\libgcc.a(_fpcmp_parts_sf.o)
                              d:/ma downloads/drive-download-20230713t222728z-001/01- imt sdk/imt_sdk_win_32/imt_sdk_win_32/winavr/bin/../lib/gcc/avr/4.3.3/avr5\libgcc.a(_gt_sf.o) (__fpcmp_parts_f)
d:/ma downloads/drive-download-20230713t222728z-001/01- imt sdk/imt_sdk_win_32/imt_sdk_win_32/winavr/bin/../lib/gcc/avr/4.3.3/../../../../avr/lib/avr5\libc.a(sprintf.o)
                              ./main.o (sprintf)
d:/ma downloads/drive-download-20230713t222728z-001/01- imt sdk/imt_sdk_win_32/imt_sdk_win_32/winavr/bin/../lib/gcc/avr/4.3.3/../../../../avr/lib/avr5\libc.a(vfprintf_std.o)
                              d:/ma downloads/drive-download-20230713t222728z-001/01- imt sdk/imt_sdk_win_32/imt_sdk_win_32/winavr/bin/../lib/gcc/avr/4.3.3/../../../../avr/lib/avr5\libc.a(sprintf.o) (vfprintf)
d:/ma downloads/drive-download-20230713t222728z-001/01- imt sdk/imt_sdk_win_32/imt_sdk_win_32/winavr/bin/../lib/gcc/avr/4.3.3/../../../../avr/lib/avr5\libc.a(strnlen_P.o)
                              d:/ma downloads/drive-download-20230713t222728z-001/01- imt sdk/imt_sdk_win_32/imt_sdk_win_32/winavr/bin/../lib/gcc/avr/4.3.3/../../../../avr/lib/avr5\libc.a(vfprintf_std.o) (strnlen_P)
d:/ma downloads/drive-download-20230713t222728z-001/01- imt sdk/imt_sdk_win_32/imt_sdk_win_32/winavr/bin/../lib/gcc/avr/4.3.3/../../../../avr/lib/avr5\libc.a(strnlen.o)
                              d:/ma downloads/drive-download-20230713t222728z-001/01- imt sdk/imt_sdk_win_32/imt_sdk_win_32/winavr/bin/../lib/gcc/avr/4.3.3/../../../../avr/lib/avr5\libc.a(vfprintf_std.o) (strnlen)
d:/ma downloads/drive-download-20230713t222728z-001/01- imt sdk/imt_sdk_win_32/imt_sdk_win_32/winavr/bin/../lib/gcc/avr/4.3.3/../../../../avr/lib/avr5\libc.a(fputc.o)
                              d:/ma downloads/drive-download-20230713t222728z-001/01- imt sdk/imt_sdk_win_32/imt_sdk_win_32/winavr/bin/../lib/gcc/avr/4.3.3/../../../../avr/lib/avr5\libc.a(vfprintf_std.o) (fputc)
d:/ma downloads/drive-download-20230713t222728z-001/01- imt sdk/imt_sdk_win_32/imt_sdk_win_32/winavr/bin/../lib/gcc/avr/4.3.3/../../../../avr/lib/avr5\libc.a(ultoa_invert.o)
                              d:/ma downloads/drive-download-20230713t222728z-001/01- imt sdk/imt_sdk_win_32/imt_sdk_win_32/winavr/bin/../lib/gcc/avr/4.3.3/../../../../avr/lib/avr5\libc.a(vfprintf_std.o) (__ultoa_invert)

Allocating common symbols
Common symbol       size              file

arr                 0x16              ./main.o
InputPassword       0x5               ./HAL/KEYPAD/KEYPAD.o
result              0x1               ./main.o
InputUserName       0x5               ./HAL/KEYPAD/KEYPAD.o

Memory Configuration

Name             Origin             Length             Attributes
text             0x00000000         0x00020000         xr
data             0x00800060         0x0000ffa0         rw !x
eeprom           0x00810000         0x00010000         rw !x
fuse             0x00820000         0x00000400         rw !x
lock             0x00830000         0x00000400         rw !x
signature        0x00840000         0x00000400         rw !x
*default*        0x00000000         0xffffffff

Linker script and memory map

LOAD d:/ma downloads/drive-download-20230713t222728z-001/01- imt sdk/imt_sdk_win_32/imt_sdk_win_32/winavr/bin/../lib/gcc/avr/4.3.3/../../../../avr/lib/avr5/crtm32.o
LOAD ./MCAL/USART/USART_Program.o
LOAD ./MCAL/Timers/Timer0/Timer_program.o
LOAD ./MCAL/Timers/PWM/Timer_program.o
LOAD ./MCAL/TWI/TWI_interface.o
LOAD ./MCAL/SPI/SPI_program.o
LOAD ./MCAL/DIO/DIO.o
LOAD ./MCAL/ADC/ADC.o
LOAD ./HAL/LCD/LCD.o
LOAD ./HAL/KEYPAD/KEYPAD.o
LOAD ./HAL/GIE/GIE_program.o
LOAD ./HAL/EXTI/EXTI_program.o
LOAD ./HAL/7SEG/7Seg.o
LOAD ./main.o
LOAD d:/ma downloads/drive-download-20230713t222728z-001/01- imt sdk/imt_sdk_win_32/imt_sdk_win_32/winavr/bin/../lib/gcc/avr/4.3.3/avr5\libgcc.a
LOAD d:/ma downloads/drive-download-20230713t222728z-001/01- imt sdk/imt_sdk_win_32/imt_sdk_win_32/winavr/bin/../lib/gcc/avr/4.3.3/../../../../avr/lib/avr5\libc.a
LOAD d:/ma downloads/drive-download-20230713t222728z-001/01- imt sdk/imt_sdk_win_32/imt_sdk_win_32/winavr/bin/../lib/gcc/avr/4.3.3/avr5\libgcc.a

.hash
 *(.hash)

.dynsym
 *(.dynsym)

.dynstr
 *(.dynstr)

.gnu.version
 *(.gnu.version)

.gnu.version_d
 *(.gnu.version_d)

.gnu.version_r
 *(.gnu.version_r)

.rel.init
 *(.rel.init)

.rela.init
 *(.rela.init)

.rel.text
 *(.rel.text)
 *(.rel.text.*)
 *(.rel.gnu.linkonce.t*)

.rela.text
 *(.rela.text)
 *(.rela.text.*)
 *(.rela.gnu.linkonce.t*)

.rel.fini
 *(.rel.fini)

.rela.fini
 *(.rela.fini)

.rel.rodata
 *(.rel.rodata)
 *(.rel.rodata.*)
 *(.rel.gnu.linkonce.r*)

.rela.rodata
 *(.rela.rodata)
 *(.rela.rodata.*)
 *(.rela.gnu.linkonce.r*)

.rel.data
 *(.rel.data)
 *(.rel.data.*)
 *(.rel.gnu.linkonce.d*)

.rela.data
 *(.rela.data)
 *(.rela.data.*)
 *(.rela.gnu.linkonce.d*)

.rel.ctors
 *(.rel.ctors)

.rela.ctors
 *(.rela.ctors)

.rel.dtors
 *(.rel.dtors)

.rela.dtors
 *(.rela.dtors)

.rel.got
 *(.rel.got)

.rela.got
 *(.rela.got)

.rel.bss
 *(.rel.bss)

.rela.bss
 *(.rela.bss)

.rel.plt
 *(.rel.plt)

.rela.plt
 *(.rela.plt)

.text           0x00000000     0x4014
 *(.vectors)
 .vectors       0x00000000       0x54 d:/ma downloads/drive-download-20230713t222728z-001/01- imt sdk/imt_sdk_win_32/imt_sdk_win_32/winavr/bin/../lib/gcc/avr/4.3.3/../../../../avr/lib/avr5/crtm32.o
                0x00000000                __vectors
                0x00000000                __vector_default
 *(.vectors)
 *(.progmem.gcc*)
 *(.progmem*)
                0x00000054                . = ALIGN (0x2)
                0x00000054                __trampolines_start = .
 *(.trampolines)
 .trampolines   0x00000054        0x0 linker stubs
 *(.trampolines*)
                0x00000054                __trampolines_end = .
 *(.jumptables)
 *(.jumptables*)
 *(.lowtext)
 *(.lowtext*)
                0x00000054                __ctors_start = .
 *(.ctors)
                0x00000054                __ctors_end = .
                0x00000054                __dtors_start = .
 *(.dtors)
                0x00000054                __dtors_end = .
 SORT(*)(.ctors)
 SORT(*)(.dtors)
 *(.init0)
 .init0         0x00000054        0x0 d:/ma downloads/drive-download-20230713t222728z-001/01- imt sdk/imt_sdk_win_32/imt_sdk_win_32/winavr/bin/../lib/gcc/avr/4.3.3/../../../../avr/lib/avr5/crtm32.o
                0x00000054                __init
 *(.init0)
 *(.init1)
 *(.init1)
 *(.init2)
 .init2         0x00000054        0xc d:/ma downloads/drive-download-20230713t222728z-001/01- imt sdk/imt_sdk_win_32/imt_sdk_win_32/winavr/bin/../lib/gcc/avr/4.3.3/../../../../avr/lib/avr5/crtm32.o
 *(.init2)
 *(.init3)
 *(.init3)
 *(.init4)
 .init4         0x00000060       0x16 d:/ma downloads/drive-download-20230713t222728z-001/01- imt sdk/imt_sdk_win_32/imt_sdk_win_32/winavr/bin/../lib/gcc/avr/4.3.3/avr5\libgcc.a(_copy_data.o)
                0x00000060                __do_copy_data
 .init4         0x00000076       0x10 d:/ma downloads/drive-download-20230713t222728z-001/01- imt sdk/imt_sdk_win_32/imt_sdk_win_32/winavr/bin/../lib/gcc/avr/4.3.3/avr5\libgcc.a(_clear_bss.o)
                0x00000076                __do_clear_bss
 *(.init4)
 *(.init5)
 *(.init5)
 *(.init6)
 *(.init6)
 *(.init7)
 *(.init7)
 *(.init8)
 *(.init8)
 *(.init9)
 .init9         0x00000086        0x8 d:/ma downloads/drive-download-20230713t222728z-001/01- imt sdk/imt_sdk_win_32/imt_sdk_win_32/winavr/bin/../lib/gcc/avr/4.3.3/../../../../avr/lib/avr5/crtm32.o
 *(.init9)
 *(.text)
 .text          0x0000008e        0x4 d:/ma downloads/drive-download-20230713t222728z-001/01- imt sdk/imt_sdk_win_32/imt_sdk_win_32/winavr/bin/../lib/gcc/avr/4.3.3/../../../../avr/lib/avr5/crtm32.o
                0x0000008e                __vector_1
                0x0000008e                __vector_12
                0x0000008e                __bad_interrupt
                0x0000008e                __vector_6
                0x0000008e                __vector_3
                0x0000008e                __vector_11
                0x0000008e                __vector_13
                0x0000008e                __vector_17
                0x0000008e                __vector_19
                0x0000008e                __vector_7
                0x0000008e                __vector_5
                0x0000008e                __vector_4
                0x0000008e                __vector_9
                0x0000008e                __vector_2
                0x0000008e                __vector_15
                0x0000008e                __vector_8
                0x0000008e                __vector_14
                0x0000008e                __vector_16
                0x0000008e                __vector_18
                0x0000008e                __vector_20
 .text          0x00000092        0x0 ./MCAL/USART/USART_Program.o
 .text          0x00000092        0x0 ./MCAL/Timers/Timer0/Timer_program.o
 .text          0x00000092        0x0 ./MCAL/Timers/PWM/Timer_program.o
 .text          0x00000092        0x0 ./MCAL/TWI/TWI_interface.o
 .text          0x00000092        0x0 ./MCAL/SPI/SPI_program.o
 .text          0x00000092        0x0 ./MCAL/DIO/DIO.o
 .text          0x00000092        0x0 ./MCAL/ADC/ADC.o
 .text          0x00000092        0x0 ./HAL/LCD/LCD.o
 .text          0x00000092        0x0 ./HAL/KEYPAD/KEYPAD.o
 .text          0x00000092        0x0 ./HAL/GIE/GIE_program.o
 .text          0x00000092        0x0 ./HAL/EXTI/EXTI_program.o
 .text          0x00000092        0x0 ./HAL/7SEG/7Seg.o
 .text          0x00000092        0x0 ./main.o
 .text          0x00000092        0x0 d:/ma downloads/drive-download-20230713t222728z-001/01- imt sdk/imt_sdk_win_32/imt_sdk_win_32/winavr/bin/../lib/gcc/avr/4.3.3/avr5\libgcc.a(_exit.o)
 .text          0x00000092        0x0 d:/ma downloads/drive-download-20230713t222728z-001/01- imt sdk/imt_sdk_win_32/imt_sdk_win_32/winavr/bin/../lib/gcc/avr/4.3.3/avr5\libgcc.a(_copy_data.o)
 .text          0x00000092        0x0 d:/ma downloads/drive-download-20230713t222728z-001/01- imt sdk/imt_sdk_win_32/imt_sdk_win_32/winavr/bin/../lib/gcc/avr/4.3.3/avr5\libgcc.a(_clear_bss.o)
 .text          0x00000092       0x58 d:/ma downloads/drive-download-20230713t222728z-001/01- imt sdk/imt_sdk_win_32/imt_sdk_win_32/winavr/bin/../lib/gcc/avr/4.3.3/avr5\libgcc.a(_fixunssfsi.o)
                0x00000092                __fixunssfsi
 .text          0x000000ea      0x354 d:/ma downloads/drive-download-20230713t222728z-001/01- imt sdk/imt_sdk_win_32/imt_sdk_win_32/winavr/bin/../lib/gcc/avr/4.3.3/avr5\libgcc.a(_addsub_sf.o)
                0x00000382                __subsf3
                0x000003e4                __addsf3
 .text          0x0000043e      0x1f4 d:/ma downloads/drive-download-20230713t222728z-001/01- imt sdk/imt_sdk_win_32/imt_sdk_win_32/winavr/bin/../lib/gcc/avr/4.3.3/avr5\libgcc.a(_mul_sf.o)
                0x0000043e                __mulsf3
 .text          0x00000632       0x60 d:/ma downloads/drive-download-20230713t222728z-001/01- imt sdk/imt_sdk_win_32/imt_sdk_win_32/winavr/bin/../lib/gcc/avr/4.3.3/avr5\libgcc.a(_gt_sf.o)
                0x00000632                __gtsf2
 .text          0x00000692       0x60 d:/ma downloads/drive-download-20230713t222728z-001/01- imt sdk/imt_sdk_win_32/imt_sdk_win_32/winavr/bin/../lib/gcc/avr/4.3.3/avr5\libgcc.a(_ge_sf.o)
                0x00000692                __gesf2
 .text          0x000006f2       0x60 d:/ma downloads/drive-download-20230713t222728z-001/01- imt sdk/imt_sdk_win_32/imt_sdk_win_32/winavr/bin/../lib/gcc/avr/4.3.3/avr5\libgcc.a(_lt_sf.o)
                0x000006f2                __ltsf2
 .text          0x00000752       0xa8 d:/ma downloads/drive-download-20230713t222728z-001/01- imt sdk/imt_sdk_win_32/imt_sdk_win_32/winavr/bin/../lib/gcc/avr/4.3.3/avr5\libgcc.a(_sf_to_si.o)
                0x00000752                __fixsfsi
 .text          0x000007fa        0x0 d:/ma downloads/drive-download-20230713t222728z-001/01- imt sdk/imt_sdk_win_32/imt_sdk_win_32/winavr/bin/../lib/gcc/avr/4.3.3/avr5\libgcc.a(_thenan_sf.o)
 .text          0x000007fa        0x0 d:/ma downloads/drive-download-20230713t222728z-001/01- imt sdk/imt_sdk_win_32/imt_sdk_win_32/winavr/bin/../lib/gcc/avr/4.3.3/avr5\libgcc.a(_prologue.o)
 .text          0x000007fa        0x0 d:/ma downloads/drive-download-20230713t222728z-001/01- imt sdk/imt_sdk_win_32/imt_sdk_win_32/winavr/bin/../lib/gcc/avr/4.3.3/avr5\libgcc.a(_epilogue.o)
 .text          0x000007fa      0x1aa d:/ma downloads/drive-download-20230713t222728z-001/01- imt sdk/imt_sdk_win_32/imt_sdk_win_32/winavr/bin/../lib/gcc/avr/4.3.3/avr5\libgcc.a(_pack_sf.o)
                0x000007fa                __pack_f
 .text          0x000009a4       0xf0 d:/ma downloads/drive-download-20230713t222728z-001/01- imt sdk/imt_sdk_win_32/imt_sdk_win_32/winavr/bin/../lib/gcc/avr/4.3.3/avr5\libgcc.a(_unpack_sf.o)
                0x000009a4                __unpack_f
 .text          0x00000a94       0xb2 d:/ma downloads/drive-download-20230713t222728z-001/01- imt sdk/imt_sdk_win_32/imt_sdk_win_32/winavr/bin/../lib/gcc/avr/4.3.3/avr5\libgcc.a(_fpcmp_parts_sf.o)
                0x00000a94                __fpcmp_parts_f
 .text          0x00000b46        0x0 d:/ma downloads/drive-download-20230713t222728z-001/01- imt sdk/imt_sdk_win_32/imt_sdk_win_32/winavr/bin/../lib/gcc/avr/4.3.3/../../../../avr/lib/avr5\libc.a(sprintf.o)
 .text          0x00000b46        0x0 d:/ma downloads/drive-download-20230713t222728z-001/01- imt sdk/imt_sdk_win_32/imt_sdk_win_32/winavr/bin/../lib/gcc/avr/4.3.3/../../../../avr/lib/avr5\libc.a(vfprintf_std.o)
 .text          0x00000b46        0x0 d:/ma downloads/drive-download-20230713t222728z-001/01- imt sdk/imt_sdk_win_32/imt_sdk_win_32/winavr/bin/../lib/gcc/avr/4.3.3/../../../../avr/lib/avr5\libc.a(strnlen_P.o)
 .text          0x00000b46        0x0 d:/ma downloads/drive-download-20230713t222728z-001/01- imt sdk/imt_sdk_win_32/imt_sdk_win_32/winavr/bin/../lib/gcc/avr/4.3.3/../../../../avr/lib/avr5\libc.a(strnlen.o)
 .text          0x00000b46        0x0 d:/ma downloads/drive-download-20230713t222728z-001/01- imt sdk/imt_sdk_win_32/imt_sdk_win_32/winavr/bin/../lib/gcc/avr/4.3.3/../../../../avr/lib/avr5\libc.a(fputc.o)
 .text          0x00000b46        0x0 d:/ma downloads/drive-download-20230713t222728z-001/01- imt sdk/imt_sdk_win_32/imt_sdk_win_32/winavr/bin/../lib/gcc/avr/4.3.3/../../../../avr/lib/avr5\libc.a(ultoa_invert.o)
                0x00000b46                . = ALIGN (0x2)
 *(.text.*)
 .text.uart_init
                0x00000b46       0x26 ./MCAL/USART/USART_Program.o
                0x00000b46                uart_init
 .text.uart_send
                0x00000b6c       0x2e ./MCAL/USART/USART_Program.o
                0x00000b6c                uart_send
 .text.uart_receive
                0x00000b9a       0x1e ./MCAL/USART/USART_Program.o
                0x00000b9a                uart_receive
 .text.Timer0_voidInit
                0x00000bb8       0x6a ./MCAL/Timers/Timer0/Timer_program.o
                0x00000bb8                Timer0_voidInit
 .text.Timer0_u8SetCallBack
                0x00000c22       0x3c ./MCAL/Timers/Timer0/Timer_program.o
                0x00000c22                Timer0_u8SetCallBack
 .text.__vector_10
                0x00000c5e       0x66 ./MCAL/Timers/Timer0/Timer_program.o
                0x00000c5e                __vector_10
 .text.PWM_voidInit
                0x00000cc4       0x70 ./MCAL/Timers/PWM/Timer_program.o
                0x00000cc4                PWM_voidInit
 .text.PWM_voidSetCompMatchValue
                0x00000d34       0x1c ./MCAL/Timers/PWM/Timer_program.o
                0x00000d34                PWM_voidSetCompMatchValue
 .text.TWI_voidMasterInit
                0x00000d50       0x56 ./MCAL/TWI/TWI_interface.o
                0x00000d50                TWI_voidMasterInit
 .text.TWI_voidSlaveInit
                0x00000da6       0x2c ./MCAL/TWI/TWI_interface.o
                0x00000da6                TWI_voidSlaveInit
 .text.TWI_SendStartCondition
                0x00000dd2       0x54 ./MCAL/TWI/TWI_interface.o
                0x00000dd2                TWI_SendStartCondition
 .text.TWI_SendRepeatedStart
                0x00000e26       0x54 ./MCAL/TWI/TWI_interface.o
                0x00000e26                TWI_SendRepeatedStart
 .text.TWI_SendSlaveAddressWithWrite
                0x00000e7a       0x70 ./MCAL/TWI/TWI_interface.o
                0x00000e7a                TWI_SendSlaveAddressWithWrite
 .text.TWI_SendSlaveAddressWithRead
                0x00000eea       0x70 ./MCAL/TWI/TWI_interface.o
                0x00000eea                TWI_SendSlaveAddressWithRead
 .text.TWI_MsterWriteDataByte
                0x00000f5a       0x52 ./MCAL/TWI/TWI_interface.o
                0x00000f5a                TWI_MsterWriteDataByte
 .text.TWI_MsterReadDataByte
                0x00000fac       0x6c ./MCAL/TWI/TWI_interface.o
                0x00000fac                TWI_MsterReadDataByte
 .text.TWI_SendStopCondition
                0x00001018       0x2a ./MCAL/TWI/TWI_interface.o
                0x00001018                TWI_SendStopCondition
 .text.SPI_voidInitMaster
                0x00001042       0x54 ./MCAL/SPI/SPI_program.o
                0x00001042                SPI_voidInitMaster
 .text.SPI_voidInitSlave
                0x00001096       0x2a ./MCAL/SPI/SPI_program.o
                0x00001096                SPI_voidInitSlave
 .text.SPI_u8Transceive
                0x000010c0       0x2c ./MCAL/SPI/SPI_program.o
                0x000010c0                SPI_u8Transceive
 .text.DIO_set_port_dir
                0x000010ec       0x84 ./MCAL/DIO/DIO.o
                0x000010ec                DIO_set_port_dir
 .text.DIO_set_port
                0x00001170       0x84 ./MCAL/DIO/DIO.o
                0x00001170                DIO_set_port
 .text.DIO_get_port
                0x000011f4       0x86 ./MCAL/DIO/DIO.o
                0x000011f4                DIO_get_port
 .text.DIO_set_pin_dir
                0x0000127a      0x204 ./MCAL/DIO/DIO.o
                0x0000127a                DIO_set_pin_dir
 .text.DIO_set_pin
                0x0000147e      0x204 ./MCAL/DIO/DIO.o
                0x0000147e                DIO_set_pin
 .text.DIO_get_pin
                0x00001682       0xf4 ./MCAL/DIO/DIO.o
                0x00001682                DIO_get_pin
 .text.ADC_init
                0x00001776       0x70 ./MCAL/ADC/ADC.o
                0x00001776                ADC_init
 .text.ADC_Read_channal
                0x000017e6       0x6c ./MCAL/ADC/ADC.o
                0x000017e6                ADC_Read_channal
 .text.LCD_init
                0x00001852      0x66c ./HAL/LCD/LCD.o
                0x00001852                LCD_init
 .text.LCD_send_data
                0x00001ebe      0x3de ./HAL/LCD/LCD.o
                0x00001ebe                LCD_send_data
 .text.LCD_send_command
                0x0000229c      0x3de ./HAL/LCD/LCD.o
                0x0000229c                LCD_send_command
 .text.LCD_goto_col_row
                0x0000267a       0x50 ./HAL/LCD/LCD.o
                0x0000267a                LCD_goto_col_row
 .text.LCD_send_string
                0x000026ca       0x52 ./HAL/LCD/LCD.o
                0x000026ca                LCD_send_string
 .text.LCD_character
                0x0000271c      0x214 ./HAL/LCD/LCD.o
                0x0000271c                LCD_character
 .text.reset_LCD_character
                0x00002930      0x1a4 ./HAL/LCD/LCD.o
                0x00002930                reset_LCD_character
 .text.reset_LCD_position
                0x00002ad4       0x52 ./HAL/LCD/LCD.o
                0x00002ad4                reset_LCD_position
 .text.fill_LCD_position
                0x00002b26       0x52 ./HAL/LCD/LCD.o
                0x00002b26                fill_LCD_position
 .text.LCD_Clear
                0x00002b78       0x14 ./HAL/LCD/LCD.o
                0x00002b78                LCD_Clear
 .text.keyPad_init
                0x00002b8c       0x1e ./HAL/KEYPAD/KEYPAD.o
                0x00002b8c                keyPad_init
 .text.KeyPad_get_pressed_key
                0x00002baa      0x1b2 ./HAL/KEYPAD/KEYPAD.o
                0x00002baa                KeyPad_get_pressed_key
 .text.KeyPad_Set_Username
                0x00002d5c      0x2c4 ./HAL/KEYPAD/KEYPAD.o
                0x00002d5c                KeyPad_Set_Username
 .text.KeyPad_Set_Password
                0x00003020      0x3b2 ./HAL/KEYPAD/KEYPAD.o
                0x00003020                KeyPad_Set_Password
 .text.KeyPad_display_7seg
                0x000033d2       0x2a ./HAL/KEYPAD/KEYPAD.o
                0x000033d2                KeyPad_display_7seg
 .text.GIE_voidEnable
                0x000033fc       0x1c ./HAL/GIE/GIE_program.o
                0x000033fc                GIE_voidEnable
 .text.GIE_voidDisable
                0x00003418       0x1c ./HAL/GIE/GIE_program.o
                0x00003418                GIE_voidDisable
 .text.EXTI_voidint0Inti
                0x00003434       0x38 ./HAL/EXTI/EXTI_program.o
                0x00003434                EXTI_voidint0Inti
 .text.EXTI_voidint1Inti
                0x0000346c       0x38 ./HAL/EXTI/EXTI_program.o
                0x0000346c                EXTI_voidint1Inti
 .text.EXTI_voidint2Inti
                0x000034a4       0x2a ./HAL/EXTI/EXTI_program.o
                0x000034a4                EXTI_voidint2Inti
 .text.SevenSeg_int
                0x000034ce       0x1e ./HAL/7SEG/7Seg.o
                0x000034ce                SevenSeg_int
 .text.SevenSeg_dispaly
                0x000034ec       0x2e ./HAL/7SEG/7Seg.o
                0x000034ec                SevenSeg_dispaly
 .text.main     0x0000351a       0xa2 ./main.o
                0x0000351a                main
 .text.Options  0x000035bc      0x41a ./main.o
                0x000035bc                Options
 .text.SetUserName
                0x000039d6       0x46 ./main.o
                0x000039d6                SetUserName
 .text.SetPassword
                0x00003a1c       0x44 ./main.o
                0x00003a1c                SetPassword
 .text.libgcc   0x00003a60        0x0 d:/ma downloads/drive-download-20230713t222728z-001/01- imt sdk/imt_sdk_win_32/imt_sdk_win_32/winavr/bin/../lib/gcc/avr/4.3.3/avr5\libgcc.a(_exit.o)
 .text.libgcc   0x00003a60        0x0 d:/ma downloads/drive-download-20230713t222728z-001/01- imt sdk/imt_sdk_win_32/imt_sdk_win_32/winavr/bin/../lib/gcc/avr/4.3.3/avr5\libgcc.a(_copy_data.o)
 .text.libgcc   0x00003a60        0x0 d:/ma downloads/drive-download-20230713t222728z-001/01- imt sdk/imt_sdk_win_32/imt_sdk_win_32/winavr/bin/../lib/gcc/avr/4.3.3/avr5\libgcc.a(_clear_bss.o)
 .text.libgcc   0x00003a60       0x38 d:/ma downloads/drive-download-20230713t222728z-001/01- imt sdk/imt_sdk_win_32/imt_sdk_win_32/winavr/bin/../lib/gcc/avr/4.3.3/avr5\libgcc.a(_prologue.o)
                0x00003a60                __prologue_saves__
 .text.libgcc   0x00003a98       0x36 d:/ma downloads/drive-download-20230713t222728z-001/01- imt sdk/imt_sdk_win_32/imt_sdk_win_32/winavr/bin/../lib/gcc/avr/4.3.3/avr5\libgcc.a(_epilogue.o)
                0x00003a98                __epilogue_restores__
 .text.avr-libc
                0x00003ace       0x48 d:/ma downloads/drive-download-20230713t222728z-001/01- imt sdk/imt_sdk_win_32/imt_sdk_win_32/winavr/bin/../lib/gcc/avr/4.3.3/../../../../avr/lib/avr5\libc.a(sprintf.o)
                0x00003ace                sprintf
 .text.avr-libc
                0x00003b16      0x3ba d:/ma downloads/drive-download-20230713t222728z-001/01- imt sdk/imt_sdk_win_32/imt_sdk_win_32/winavr/bin/../lib/gcc/avr/4.3.3/../../../../avr/lib/avr5\libc.a(vfprintf_std.o)
                0x00003b16                vfprintf
 .text.avr-libc
                0x00003ed0       0x16 d:/ma downloads/drive-download-20230713t222728z-001/01- imt sdk/imt_sdk_win_32/imt_sdk_win_32/winavr/bin/../lib/gcc/avr/4.3.3/../../../../avr/lib/avr5\libc.a(strnlen_P.o)
                0x00003ed0                strnlen_P
 .text.avr-libc
                0x00003ee6       0x16 d:/ma downloads/drive-download-20230713t222728z-001/01- imt sdk/imt_sdk_win_32/imt_sdk_win_32/winavr/bin/../lib/gcc/avr/4.3.3/../../../../avr/lib/avr5\libc.a(strnlen.o)
                0x00003ee6                strnlen
 .text.avr-libc
                0x00003efc       0x58 d:/ma downloads/drive-download-20230713t222728z-001/01- imt sdk/imt_sdk_win_32/imt_sdk_win_32/winavr/bin/../lib/gcc/avr/4.3.3/../../../../avr/lib/avr5\libc.a(fputc.o)
                0x00003efc                fputc
 .text.avr-libc
                0x00003f54       0xbc d:/ma downloads/drive-download-20230713t222728z-001/01- imt sdk/imt_sdk_win_32/imt_sdk_win_32/winavr/bin/../lib/gcc/avr/4.3.3/../../../../avr/lib/avr5\libc.a(ultoa_invert.o)
                0x00003f54                __ultoa_invert
                0x00004010                . = ALIGN (0x2)
 *(.fini9)
 .fini9         0x00004010        0x0 d:/ma downloads/drive-download-20230713t222728z-001/01- imt sdk/imt_sdk_win_32/imt_sdk_win_32/winavr/bin/../lib/gcc/avr/4.3.3/avr5\libgcc.a(_exit.o)
                0x00004010                exit
                0x00004010                _exit
 *(.fini9)
 *(.fini8)
 *(.fini8)
 *(.fini7)
 *(.fini7)
 *(.fini6)
 *(.fini6)
 *(.fini5)
 *(.fini5)
 *(.fini4)
 *(.fini4)
 *(.fini3)
 *(.fini3)
 *(.fini2)
 *(.fini2)
 *(.fini1)
 *(.fini1)
 *(.fini0)
 .fini0         0x00004010        0x4 d:/ma downloads/drive-download-20230713t222728z-001/01- imt sdk/imt_sdk_win_32/imt_sdk_win_32/winavr/bin/../lib/gcc/avr/4.3.3/avr5\libgcc.a(_exit.o)
 *(.fini0)
                0x00004014                _etext = .

.data           0x00800060      0x16a load address 0x00004014
                0x00800060                PROVIDE (__data_start, .)
 *(.data)
 .data          0x00800060        0x0 d:/ma downloads/drive-download-20230713t222728z-001/01- imt sdk/imt_sdk_win_32/imt_sdk_win_32/winavr/bin/../lib/gcc/avr/4.3.3/../../../../avr/lib/avr5/crtm32.o
 .data          0x00800060        0x0 ./MCAL/USART/USART_Program.o
 .data          0x00800060        0x0 ./MCAL/Timers/Timer0/Timer_program.o
 .data          0x00800060        0x0 ./MCAL/Timers/PWM/Timer_program.o
 .data          0x00800060        0x0 ./MCAL/TWI/TWI_interface.o
 .data          0x00800060        0x0 ./MCAL/SPI/SPI_program.o
 .data          0x00800060        0x0 ./MCAL/DIO/DIO.o
 .data          0x00800060        0x0 ./MCAL/ADC/ADC.o
 .data          0x00800060        0x0 ./HAL/LCD/LCD.o
 .data          0x00800060       0x56 ./HAL/KEYPAD/KEYPAD.o
 .data          0x008000b6        0x0 ./HAL/GIE/GIE_program.o
 .data          0x008000b6        0x0 ./HAL/EXTI/EXTI_program.o
 .data          0x008000b6        0x0 ./HAL/7SEG/7Seg.o
 .data          0x008000b6       0x80 ./main.o
 .data          0x00800136        0x0 d:/ma downloads/drive-download-20230713t222728z-001/01- imt sdk/imt_sdk_win_32/imt_sdk_win_32/winavr/bin/../lib/gcc/avr/4.3.3/avr5\libgcc.a(_exit.o)
 .data          0x00800136        0x0 d:/ma downloads/drive-download-20230713t222728z-001/01- imt sdk/imt_sdk_win_32/imt_sdk_win_32/winavr/bin/../lib/gcc/avr/4.3.3/avr5\libgcc.a(_copy_data.o)
 .data          0x00800136        0x0 d:/ma downloads/drive-download-20230713t222728z-001/01- imt sdk/imt_sdk_win_32/imt_sdk_win_32/winavr/bin/../lib/gcc/avr/4.3.3/avr5\libgcc.a(_clear_bss.o)
 .data          0x00800136        0x0 d:/ma downloads/drive-download-20230713t222728z-001/01- imt sdk/imt_sdk_win_32/imt_sdk_win_32/winavr/bin/../lib/gcc/avr/4.3.3/avr5\libgcc.a(_fixunssfsi.o)
 .data          0x00800136        0x0 d:/ma downloads/drive-download-20230713t222728z-001/01- imt sdk/imt_sdk_win_32/imt_sdk_win_32/winavr/bin/../lib/gcc/avr/4.3.3/avr5\libgcc.a(_addsub_sf.o)
 .data          0x00800136        0x0 d:/ma downloads/drive-download-20230713t222728z-001/01- imt sdk/imt_sdk_win_32/imt_sdk_win_32/winavr/bin/../lib/gcc/avr/4.3.3/avr5\libgcc.a(_mul_sf.o)
 .data          0x00800136        0x0 d:/ma downloads/drive-download-20230713t222728z-001/01- imt sdk/imt_sdk_win_32/imt_sdk_win_32/winavr/bin/../lib/gcc/avr/4.3.3/avr5\libgcc.a(_gt_sf.o)
 .data          0x00800136        0x0 d:/ma downloads/drive-download-20230713t222728z-001/01- imt sdk/imt_sdk_win_32/imt_sdk_win_32/winavr/bin/../lib/gcc/avr/4.3.3/avr5\libgcc.a(_ge_sf.o)
 .data          0x00800136        0x0 d:/ma downloads/drive-download-20230713t222728z-001/01- imt sdk/imt_sdk_win_32/imt_sdk_win_32/winavr/bin/../lib/gcc/avr/4.3.3/avr5\libgcc.a(_lt_sf.o)
 .data          0x00800136        0x0 d:/ma downloads/drive-download-20230713t222728z-001/01- imt sdk/imt_sdk_win_32/imt_sdk_win_32/winavr/bin/../lib/gcc/avr/4.3.3/avr5\libgcc.a(_sf_to_si.o)
 .data          0x00800136        0x8 d:/ma downloads/drive-download-20230713t222728z-001/01- imt sdk/imt_sdk_win_32/imt_sdk_win_32/winavr/bin/../lib/gcc/avr/4.3.3/avr5\libgcc.a(_thenan_sf.o)
                0x00800136                __thenan_sf
 .data          0x0080013e        0x0 d:/ma downloads/drive-download-20230713t222728z-001/01- imt sdk/imt_sdk_win_32/imt_sdk_win_32/winavr/bin/../lib/gcc/avr/4.3.3/avr5\libgcc.a(_prologue.o)
 .data          0x0080013e        0x0 d:/ma downloads/drive-download-20230713t222728z-001/01- imt sdk/imt_sdk_win_32/imt_sdk_win_32/winavr/bin/../lib/gcc/avr/4.3.3/avr5\libgcc.a(_epilogue.o)
 .data          0x0080013e        0x0 d:/ma downloads/drive-download-20230713t222728z-001/01- imt sdk/imt_sdk_win_32/imt_sdk_win_32/winavr/bin/../lib/gcc/avr/4.3.3/avr5\libgcc.a(_pack_sf.o)
 .data          0x0080013e        0x0 d:/ma downloads/drive-download-20230713t222728z-001/01- imt sdk/imt_sdk_win_32/imt_sdk_win_32/winavr/bin/../lib/gcc/avr/4.3.3/avr5\libgcc.a(_unpack_sf.o)
 .data          0x0080013e        0x0 d:/ma downloads/drive-download-20230713t222728z-001/01- imt sdk/imt_sdk_win_32/imt_sdk_win_32/winavr/bin/../lib/gcc/avr/4.3.3/avr5\libgcc.a(_fpcmp_parts_sf.o)
 .data          0x0080013e        0x0 d:/ma downloads/drive-download-20230713t222728z-001/01- imt sdk/imt_sdk_win_32/imt_sdk_win_32/winavr/bin/../lib/gcc/avr/4.3.3/../../../../avr/lib/avr5\libc.a(sprintf.o)
 .data          0x0080013e        0x0 d:/ma downloads/drive-download-20230713t222728z-001/01- imt sdk/imt_sdk_win_32/imt_sdk_win_32/winavr/bin/../lib/gcc/avr/4.3.3/../../../../avr/lib/avr5\libc.a(vfprintf_std.o)
 .data          0x0080013e        0x0 d:/ma downloads/drive-download-20230713t222728z-001/01- imt sdk/imt_sdk_win_32/imt_sdk_win_32/winavr/bin/../lib/gcc/avr/4.3.3/../../../../avr/lib/avr5\libc.a(strnlen_P.o)
 .data          0x0080013e        0x0 d:/ma downloads/drive-download-20230713t222728z-001/01- imt sdk/imt_sdk_win_32/imt_sdk_win_32/winavr/bin/../lib/gcc/avr/4.3.3/../../../../avr/lib/avr5\libc.a(strnlen.o)
 .data          0x0080013e        0x0 d:/ma downloads/drive-download-20230713t222728z-001/01- imt sdk/imt_sdk_win_32/imt_sdk_win_32/winavr/bin/../lib/gcc/avr/4.3.3/../../../../avr/lib/avr5\libc.a(fputc.o)
 .data          0x0080013e        0x0 d:/ma downloads/drive-download-20230713t222728z-001/01- imt sdk/imt_sdk_win_32/imt_sdk_win_32/winavr/bin/../lib/gcc/avr/4.3.3/../../../../avr/lib/avr5\libc.a(ultoa_invert.o)
 *(.data*)
 .data.question_mark
                0x0080013e       0x10 ./HAL/LCD/LCD.o
                0x0080013e                question_mark
 .data.yaa      0x0080014e       0x10 ./HAL/LCD/LCD.o
                0x0080014e                yaa
 .data.waw      0x0080015e       0x10 ./HAL/LCD/LCD.o
                0x0080015e                waw
 .data.seen     0x0080016e       0x10 ./HAL/LCD/LCD.o
                0x0080016e                seen
 .data.faa      0x0080017e       0x10 ./HAL/LCD/LCD.o
                0x0080017e                faa
 .data.plane    0x0080018e       0x10 ./HAL/LCD/LCD.o
                0x0080018e                plane
 .data.heart    0x0080019e       0x10 ./HAL/LCD/LCD.o
                0x0080019e                heart
 .data.keybad_col
                0x008001ae        0x2 ./HAL/KEYPAD/KEYPAD.o
                0x008001ae                keybad_col
 .data.keypad_arr
                0x008001b0       0x10 ./HAL/KEYPAD/KEYPAD.o
                0x008001b0                keypad_arr
 .data.seven_seg_arr
                0x008001c0        0xa ./HAL/7SEG/7Seg.o
                0x008001c0                seven_seg_arr
 *(.rodata)
 *(.rodata*)
 *(.gnu.linkonce.d*)
                0x008001ca                . = ALIGN (0x2)
                0x008001ca                _edata = .
                0x008001ca                PROVIDE (__data_end, .)

.bss            0x008001ca       0x27
                0x008001ca                PROVIDE (__bss_start, .)
 *(.bss)
 .bss           0x008001ca        0x0 d:/ma downloads/drive-download-20230713t222728z-001/01- imt sdk/imt_sdk_win_32/imt_sdk_win_32/winavr/bin/../lib/gcc/avr/4.3.3/../../../../avr/lib/avr5/crtm32.o
 .bss           0x008001ca        0x0 ./MCAL/USART/USART_Program.o
 .bss           0x008001ca        0x0 ./MCAL/Timers/Timer0/Timer_program.o
 .bss           0x008001ca        0x0 ./MCAL/Timers/PWM/Timer_program.o
 .bss           0x008001ca        0x0 ./MCAL/TWI/TWI_interface.o
 .bss           0x008001ca        0x0 ./MCAL/SPI/SPI_program.o
 .bss           0x008001ca        0x0 ./MCAL/DIO/DIO.o
 .bss           0x008001ca        0x0 ./MCAL/ADC/ADC.o
 .bss           0x008001ca        0x0 ./HAL/LCD/LCD.o
 .bss           0x008001ca        0x0 ./HAL/KEYPAD/KEYPAD.o
 .bss           0x008001ca        0x0 ./HAL/GIE/GIE_program.o
 .bss           0x008001ca        0x0 ./HAL/EXTI/EXTI_program.o
 .bss           0x008001ca        0x0 ./HAL/7SEG/7Seg.o
 .bss           0x008001ca        0x0 ./main.o
 .bss           0x008001ca        0x0 d:/ma downloads/drive-download-20230713t222728z-001/01- imt sdk/imt_sdk_win_32/imt_sdk_win_32/winavr/bin/../lib/gcc/avr/4.3.3/avr5\libgcc.a(_exit.o)
 .bss           0x008001ca        0x0 d:/ma downloads/drive-download-20230713t222728z-001/01- imt sdk/imt_sdk_win_32/imt_sdk_win_32/winavr/bin/../lib/gcc/avr/4.3.3/avr5\libgcc.a(_copy_data.o)
 .bss           0x008001ca        0x0 d:/ma downloads/drive-download-20230713t222728z-001/01- imt sdk/imt_sdk_win_32/imt_sdk_win_32/winavr/bin/../lib/gcc/avr/4.3.3/avr5\libgcc.a(_clear_bss.o)
 .bss           0x008001ca        0x0 d:/ma downloads/drive-download-20230713t222728z-001/01- imt sdk/imt_sdk_win_32/imt_sdk_win_32/winavr/bin/../lib/gcc/avr/4.3.3/avr5\libgcc.a(_fixunssfsi.o)
 .bss           0x008001ca        0x0 d:/ma downloads/drive-download-20230713t222728z-001/01- imt sdk/imt_sdk_win_32/imt_sdk_win_32/winavr/bin/../lib/gcc/avr/4.3.3/avr5\libgcc.a(_addsub_sf.o)
 .bss           0x008001ca        0x0 d:/ma downloads/drive-download-20230713t222728z-001/01- imt sdk/imt_sdk_win_32/imt_sdk_win_32/winavr/bin/../lib/gcc/avr/4.3.3/avr5\libgcc.a(_mul_sf.o)
 .bss           0x008001ca        0x0 d:/ma downloads/drive-download-20230713t222728z-001/01- imt sdk/imt_sdk_win_32/imt_sdk_win_32/winavr/bin/../lib/gcc/avr/4.3.3/avr5\libgcc.a(_gt_sf.o)
 .bss           0x008001ca        0x0 d:/ma downloads/drive-download-20230713t222728z-001/01- imt sdk/imt_sdk_win_32/imt_sdk_win_32/winavr/bin/../lib/gcc/avr/4.3.3/avr5\libgcc.a(_ge_sf.o)
 .bss           0x008001ca        0x0 d:/ma downloads/drive-download-20230713t222728z-001/01- imt sdk/imt_sdk_win_32/imt_sdk_win_32/winavr/bin/../lib/gcc/avr/4.3.3/avr5\libgcc.a(_lt_sf.o)
 .bss           0x008001ca        0x0 d:/ma downloads/drive-download-20230713t222728z-001/01- imt sdk/imt_sdk_win_32/imt_sdk_win_32/winavr/bin/../lib/gcc/avr/4.3.3/avr5\libgcc.a(_sf_to_si.o)
 .bss           0x008001ca        0x0 d:/ma downloads/drive-download-20230713t222728z-001/01- imt sdk/imt_sdk_win_32/imt_sdk_win_32/winavr/bin/../lib/gcc/avr/4.3.3/avr5\libgcc.a(_thenan_sf.o)
 .bss           0x008001ca        0x0 d:/ma downloads/drive-download-20230713t222728z-001/01- imt sdk/imt_sdk_win_32/imt_sdk_win_32/winavr/bin/../lib/gcc/avr/4.3.3/avr5\libgcc.a(_prologue.o)
 .bss           0x008001ca        0x0 d:/ma downloads/drive-download-20230713t222728z-001/01- imt sdk/imt_sdk_win_32/imt_sdk_win_32/winavr/bin/../lib/gcc/avr/4.3.3/avr5\libgcc.a(_epilogue.o)
 .bss           0x008001ca        0x0 d:/ma downloads/drive-download-20230713t222728z-001/01- imt sdk/imt_sdk_win_32/imt_sdk_win_32/winavr/bin/../lib/gcc/avr/4.3.3/avr5\libgcc.a(_pack_sf.o)
 .bss           0x008001ca        0x0 d:/ma downloads/drive-download-20230713t222728z-001/01- imt sdk/imt_sdk_win_32/imt_sdk_win_32/winavr/bin/../lib/gcc/avr/4.3.3/avr5\libgcc.a(_unpack_sf.o)
 .bss           0x008001ca        0x0 d:/ma downloads/drive-download-20230713t222728z-001/01- imt sdk/imt_sdk_win_32/imt_sdk_win_32/winavr/bin/../lib/gcc/avr/4.3.3/avr5\libgcc.a(_fpcmp_parts_sf.o)
 .bss           0x008001ca        0x0 d:/ma downloads/drive-download-20230713t222728z-001/01- imt sdk/imt_sdk_win_32/imt_sdk_win_32/winavr/bin/../lib/gcc/avr/4.3.3/../../../../avr/lib/avr5\libc.a(sprintf.o)
 .bss           0x008001ca        0x0 d:/ma downloads/drive-download-20230713t222728z-001/01- imt sdk/imt_sdk_win_32/imt_sdk_win_32/winavr/bin/../lib/gcc/avr/4.3.3/../../../../avr/lib/avr5\libc.a(vfprintf_std.o)
 .bss           0x008001ca        0x0 d:/ma downloads/drive-download-20230713t222728z-001/01- imt sdk/imt_sdk_win_32/imt_sdk_win_32/winavr/bin/../lib/gcc/avr/4.3.3/../../../../avr/lib/avr5\libc.a(strnlen_P.o)
 .bss           0x008001ca        0x0 d:/ma downloads/drive-download-20230713t222728z-001/01- imt sdk/imt_sdk_win_32/imt_sdk_win_32/winavr/bin/../lib/gcc/avr/4.3.3/../../../../avr/lib/avr5\libc.a(strnlen.o)
 .bss           0x008001ca        0x0 d:/ma downloads/drive-download-20230713t222728z-001/01- imt sdk/imt_sdk_win_32/imt_sdk_win_32/winavr/bin/../lib/gcc/avr/4.3.3/../../../../avr/lib/avr5\libc.a(fputc.o)
 .bss           0x008001ca        0x0 d:/ma downloads/drive-download-20230713t222728z-001/01- imt sdk/imt_sdk_win_32/imt_sdk_win_32/winavr/bin/../lib/gcc/avr/4.3.3/../../../../avr/lib/avr5\libc.a(ultoa_invert.o)
 *(.bss*)
 .bss.TIMER0_pvCallBackFunc
                0x008001ca        0x2 ./MCAL/Timers/Timer0/Timer_program.o
 .bss.keybad_row
                0x008001cc        0x2 ./HAL/KEYPAD/KEYPAD.o
                0x008001cc                keybad_row
 .bss.count.1357
                0x008001ce        0x1 ./HAL/KEYPAD/KEYPAD.o
 .bss.count.1427
                0x008001cf        0x1 ./HAL/KEYPAD/KEYPAD.o
 *(COMMON)
 COMMON         0x008001d0        0xa ./HAL/KEYPAD/KEYPAD.o
                0x008001d0                InputPassword
                0x008001d5                InputUserName
 COMMON         0x008001da       0x17 ./main.o
                0x008001da                arr
                0x008001f0                result
                0x008001f1                PROVIDE (__bss_end, .)
                0x00004014                __data_load_start = LOADADDR (.data)
                0x0000417e                __data_load_end = (__data_load_start + SIZEOF (.data))

.noinit         0x008001f1        0x0
                0x008001f1                PROVIDE (__noinit_start, .)
 *(.noinit*)
                0x008001f1                PROVIDE (__noinit_end, .)
                0x008001f1                _end = .
                0x008001f1                PROVIDE (__heap_start, .)

.eeprom         0x00810000        0x0
 *(.eeprom*)
                0x00810000                __eeprom_end = .

.fuse
 *(.fuse)
 *(.lfuse)
 *(.hfuse)
 *(.efuse)

.lock
 *(.lock*)

.signature
 *(.signature*)

.stab           0x00000000     0x48f0
 *(.stab)
 .stab          0x00000000      0x42c ./MCAL/USART/USART_Program.o
 .stab          0x0000042c      0x2a0 ./MCAL/Timers/Timer0/Timer_program.o
                                0x2ac (size before relaxing)
 .stab          0x000006cc      0x204 ./MCAL/Timers/PWM/Timer_program.o
                                0x210 (size before relaxing)
 .stab          0x000008d0      0x690 ./MCAL/TWI/TWI_interface.o
                                0x69c (size before relaxing)
 .stab          0x00000f60      0x258 ./MCAL/SPI/SPI_program.o
                                0x264 (size before relaxing)
 .stab          0x000011b8      0x564 ./MCAL/DIO/DIO.o
                                0x570 (size before relaxing)
 .stab          0x0000171c      0x258 ./MCAL/ADC/ADC.o
                                0x264 (size before relaxing)
 .stab          0x00001974     0x14e8 ./HAL/LCD/LCD.o
                               0x1674 (size before relaxing)
 .stab          0x00002e5c      0xbf4 ./HAL/KEYPAD/KEYPAD.o
                                0xd98 (size before relaxing)
 .stab          0x00003a50      0x1b0 ./HAL/GIE/GIE_program.o
                                0x1bc (size before relaxing)
 .stab          0x00003c00      0x21c ./HAL/EXTI/EXTI_program.o
                                0x228 (size before relaxing)
 .stab          0x00003e1c      0x1ec ./HAL/7SEG/7Seg.o
                                0x1f8 (size before relaxing)
 .stab          0x00004008      0x8e8 ./main.o
                                0xb10 (size before relaxing)

.stabstr        0x00000000     0x1b46
 *(.stabstr)
 .stabstr       0x00000000     0x1b46 ./MCAL/USART/USART_Program.o

.stab.excl
 *(.stab.excl)

.stab.exclstr
 *(.stab.exclstr)

.stab.index
 *(.stab.index)

.stab.indexstr
 *(.stab.indexstr)

.comment
 *(.comment)

.debug
 *(.debug)

.line
 *(.line)

.debug_srcinfo
 *(.debug_srcinfo)

.debug_sfnames
 *(.debug_sfnames)

.debug_aranges  0x00000000      0x140
 *(.debug_aranges)
 .debug_aranges
                0x00000000       0x20 d:/ma downloads/drive-download-20230713t222728z-001/01- imt sdk/imt_sdk_win_32/imt_sdk_win_32/winavr/bin/../lib/gcc/avr/4.3.3/avr5\libgcc.a(_fixunssfsi.o)
 .debug_aranges
                0x00000020       0x20 d:/ma downloads/drive-download-20230713t222728z-001/01- imt sdk/imt_sdk_win_32/imt_sdk_win_32/winavr/bin/../lib/gcc/avr/4.3.3/avr5\libgcc.a(_addsub_sf.o)
 .debug_aranges
                0x00000040       0x20 d:/ma downloads/drive-download-20230713t222728z-001/01- imt sdk/imt_sdk_win_32/imt_sdk_win_32/winavr/bin/../lib/gcc/avr/4.3.3/avr5\libgcc.a(_mul_sf.o)
 .debug_aranges
                0x00000060       0x20 d:/ma downloads/drive-download-20230713t222728z-001/01- imt sdk/imt_sdk_win_32/imt_sdk_win_32/winavr/bin/../lib/gcc/avr/4.3.3/avr5\libgcc.a(_gt_sf.o)
 .debug_aranges
                0x00000080       0x20 d:/ma downloads/drive-download-20230713t222728z-001/01- imt sdk/imt_sdk_win_32/imt_sdk_win_32/winavr/bin/../lib/gcc/avr/4.3.3/avr5\libgcc.a(_ge_sf.o)
 .debug_aranges
                0x000000a0       0x20 d:/ma downloads/drive-download-20230713t222728z-001/01- imt sdk/imt_sdk_win_32/imt_sdk_win_32/winavr/bin/../lib/gcc/avr/4.3.3/avr5\libgcc.a(_lt_sf.o)
 .debug_aranges
                0x000000c0       0x20 d:/ma downloads/drive-download-20230713t222728z-001/01- imt sdk/imt_sdk_win_32/imt_sdk_win_32/winavr/bin/../lib/gcc/avr/4.3.3/avr5\libgcc.a(_sf_to_si.o)
 .debug_aranges
                0x000000e0       0x20 d:/ma downloads/drive-download-20230713t222728z-001/01- imt sdk/imt_sdk_win_32/imt_sdk_win_32/winavr/bin/../lib/gcc/avr/4.3.3/avr5\libgcc.a(_pack_sf.o)
 .debug_aranges
                0x00000100       0x20 d:/ma downloads/drive-download-20230713t222728z-001/01- imt sdk/imt_sdk_win_32/imt_sdk_win_32/winavr/bin/../lib/gcc/avr/4.3.3/avr5\libgcc.a(_unpack_sf.o)
 .debug_aranges
                0x00000120       0x20 d:/ma downloads/drive-download-20230713t222728z-001/01- imt sdk/imt_sdk_win_32/imt_sdk_win_32/winavr/bin/../lib/gcc/avr/4.3.3/avr5\libgcc.a(_fpcmp_parts_sf.o)

.debug_pubnames
                0x00000000      0x170
 *(.debug_pubnames)
 .debug_pubnames
                0x00000000       0x23 d:/ma downloads/drive-download-20230713t222728z-001/01- imt sdk/imt_sdk_win_32/imt_sdk_win_32/winavr/bin/../lib/gcc/avr/4.3.3/avr5\libgcc.a(_fixunssfsi.o)
 .debug_pubnames
                0x00000023       0x2c d:/ma downloads/drive-download-20230713t222728z-001/01- imt sdk/imt_sdk_win_32/imt_sdk_win_32/winavr/bin/../lib/gcc/avr/4.3.3/avr5\libgcc.a(_addsub_sf.o)
 .debug_pubnames
                0x0000004f       0x1f d:/ma downloads/drive-download-20230713t222728z-001/01- imt sdk/imt_sdk_win_32/imt_sdk_win_32/winavr/bin/../lib/gcc/avr/4.3.3/avr5\libgcc.a(_mul_sf.o)
 .debug_pubnames
                0x0000006e       0x1e d:/ma downloads/drive-download-20230713t222728z-001/01- imt sdk/imt_sdk_win_32/imt_sdk_win_32/winavr/bin/../lib/gcc/avr/4.3.3/avr5\libgcc.a(_gt_sf.o)
 .debug_pubnames
                0x0000008c       0x1e d:/ma downloads/drive-download-20230713t222728z-001/01- imt sdk/imt_sdk_win_32/imt_sdk_win_32/winavr/bin/../lib/gcc/avr/4.3.3/avr5\libgcc.a(_ge_sf.o)
 .debug_pubnames
                0x000000aa       0x1e d:/ma downloads/drive-download-20230713t222728z-001/01- imt sdk/imt_sdk_win_32/imt_sdk_win_32/winavr/bin/../lib/gcc/avr/4.3.3/avr5\libgcc.a(_lt_sf.o)
 .debug_pubnames
                0x000000c8       0x20 d:/ma downloads/drive-download-20230713t222728z-001/01- imt sdk/imt_sdk_win_32/imt_sdk_win_32/winavr/bin/../lib/gcc/avr/4.3.3/avr5\libgcc.a(_sf_to_si.o)
 .debug_pubnames
                0x000000e8       0x22 d:/ma downloads/drive-download-20230713t222728z-001/01- imt sdk/imt_sdk_win_32/imt_sdk_win_32/winavr/bin/../lib/gcc/avr/4.3.3/avr5\libgcc.a(_thenan_sf.o)
 .debug_pubnames
                0x0000010a       0x1f d:/ma downloads/drive-download-20230713t222728z-001/01- imt sdk/imt_sdk_win_32/imt_sdk_win_32/winavr/bin/../lib/gcc/avr/4.3.3/avr5\libgcc.a(_pack_sf.o)
 .debug_pubnames
                0x00000129       0x21 d:/ma downloads/drive-download-20230713t222728z-001/01- imt sdk/imt_sdk_win_32/imt_sdk_win_32/winavr/bin/../lib/gcc/avr/4.3.3/avr5\libgcc.a(_unpack_sf.o)
 .debug_pubnames
                0x0000014a       0x26 d:/ma downloads/drive-download-20230713t222728z-001/01- imt sdk/imt_sdk_win_32/imt_sdk_win_32/winavr/bin/../lib/gcc/avr/4.3.3/avr5\libgcc.a(_fpcmp_parts_sf.o)

.debug_info     0x00000000     0x1c49
 *(.debug_info)
 .debug_info    0x00000000       0xb1 d:/ma downloads/drive-download-20230713t222728z-001/01- imt sdk/imt_sdk_win_32/imt_sdk_win_32/winavr/bin/../lib/gcc/avr/4.3.3/avr5\libgcc.a(_fixunssfsi.o)
 .debug_info    0x000000b1      0x47a d:/ma downloads/drive-download-20230713t222728z-001/01- imt sdk/imt_sdk_win_32/imt_sdk_win_32/winavr/bin/../lib/gcc/avr/4.3.3/avr5\libgcc.a(_addsub_sf.o)
 .debug_info    0x0000052b      0x485 d:/ma downloads/drive-download-20230713t222728z-001/01- imt sdk/imt_sdk_win_32/imt_sdk_win_32/winavr/bin/../lib/gcc/avr/4.3.3/avr5\libgcc.a(_mul_sf.o)
 .debug_info    0x000009b0      0x27f d:/ma downloads/drive-download-20230713t222728z-001/01- imt sdk/imt_sdk_win_32/imt_sdk_win_32/winavr/bin/../lib/gcc/avr/4.3.3/avr5\libgcc.a(_gt_sf.o)
 .debug_info    0x00000c2f      0x27f d:/ma downloads/drive-download-20230713t222728z-001/01- imt sdk/imt_sdk_win_32/imt_sdk_win_32/winavr/bin/../lib/gcc/avr/4.3.3/avr5\libgcc.a(_ge_sf.o)
 .debug_info    0x00000eae      0x27f d:/ma downloads/drive-download-20230713t222728z-001/01- imt sdk/imt_sdk_win_32/imt_sdk_win_32/winavr/bin/../lib/gcc/avr/4.3.3/avr5\libgcc.a(_lt_sf.o)
 .debug_info    0x0000112d      0x2b0 d:/ma downloads/drive-download-20230713t222728z-001/01- imt sdk/imt_sdk_win_32/imt_sdk_win_32/winavr/bin/../lib/gcc/avr/4.3.3/avr5\libgcc.a(_sf_to_si.o)
 .debug_info    0x000013dd      0x12c d:/ma downloads/drive-download-20230713t222728z-001/01- imt sdk/imt_sdk_win_32/imt_sdk_win_32/winavr/bin/../lib/gcc/avr/4.3.3/avr5\libgcc.a(_thenan_sf.o)
 .debug_info    0x00001509      0x2df d:/ma downloads/drive-download-20230713t222728z-001/01- imt sdk/imt_sdk_win_32/imt_sdk_win_32/winavr/bin/../lib/gcc/avr/4.3.3/avr5\libgcc.a(_pack_sf.o)
 .debug_info    0x000017e8      0x251 d:/ma downloads/drive-download-20230713t222728z-001/01- imt sdk/imt_sdk_win_32/imt_sdk_win_32/winavr/bin/../lib/gcc/avr/4.3.3/avr5\libgcc.a(_unpack_sf.o)
 .debug_info    0x00001a39      0x210 d:/ma downloads/drive-download-20230713t222728z-001/01- imt sdk/imt_sdk_win_32/imt_sdk_win_32/winavr/bin/../lib/gcc/avr/4.3.3/avr5\libgcc.a(_fpcmp_parts_sf.o)
 *(.gnu.linkonce.wi.*)

.debug_abbrev   0x00000000      0xeeb
 *(.debug_abbrev)
 .debug_abbrev  0x00000000       0x5d d:/ma downloads/drive-download-20230713t222728z-001/01- imt sdk/imt_sdk_win_32/imt_sdk_win_32/winavr/bin/../lib/gcc/avr/4.3.3/avr5\libgcc.a(_fixunssfsi.o)
 .debug_abbrev  0x0000005d      0x1ea d:/ma downloads/drive-download-20230713t222728z-001/01- imt sdk/imt_sdk_win_32/imt_sdk_win_32/winavr/bin/../lib/gcc/avr/4.3.3/avr5\libgcc.a(_addsub_sf.o)
 .debug_abbrev  0x00000247      0x21b d:/ma downloads/drive-download-20230713t222728z-001/01- imt sdk/imt_sdk_win_32/imt_sdk_win_32/winavr/bin/../lib/gcc/avr/4.3.3/avr5\libgcc.a(_mul_sf.o)
 .debug_abbrev  0x00000462      0x15a d:/ma downloads/drive-download-20230713t222728z-001/01- imt sdk/imt_sdk_win_32/imt_sdk_win_32/winavr/bin/../lib/gcc/avr/4.3.3/avr5\libgcc.a(_gt_sf.o)
 .debug_abbrev  0x000005bc      0x15a d:/ma downloads/drive-download-20230713t222728z-001/01- imt sdk/imt_sdk_win_32/imt_sdk_win_32/winavr/bin/../lib/gcc/avr/4.3.3/avr5\libgcc.a(_ge_sf.o)
 .debug_abbrev  0x00000716      0x15a d:/ma downloads/drive-download-20230713t222728z-001/01- imt sdk/imt_sdk_win_32/imt_sdk_win_32/winavr/bin/../lib/gcc/avr/4.3.3/avr5\libgcc.a(_lt_sf.o)
 .debug_abbrev  0x00000870      0x17f d:/ma downloads/drive-download-20230713t222728z-001/01- imt sdk/imt_sdk_win_32/imt_sdk_win_32/winavr/bin/../lib/gcc/avr/4.3.3/avr5\libgcc.a(_sf_to_si.o)
 .debug_abbrev  0x000009ef       0xad d:/ma downloads/drive-download-20230713t222728z-001/01- imt sdk/imt_sdk_win_32/imt_sdk_win_32/winavr/bin/../lib/gcc/avr/4.3.3/avr5\libgcc.a(_thenan_sf.o)
 .debug_abbrev  0x00000a9c      0x1c0 d:/ma downloads/drive-download-20230713t222728z-001/01- imt sdk/imt_sdk_win_32/imt_sdk_win_32/winavr/bin/../lib/gcc/avr/4.3.3/avr5\libgcc.a(_pack_sf.o)
 .debug_abbrev  0x00000c5c      0x154 d:/ma downloads/drive-download-20230713t222728z-001/01- imt sdk/imt_sdk_win_32/imt_sdk_win_32/winavr/bin/../lib/gcc/avr/4.3.3/avr5\libgcc.a(_unpack_sf.o)
 .debug_abbrev  0x00000db0      0x13b d:/ma downloads/drive-download-20230713t222728z-001/01- imt sdk/imt_sdk_win_32/imt_sdk_win_32/winavr/bin/../lib/gcc/avr/4.3.3/avr5\libgcc.a(_fpcmp_parts_sf.o)

.debug_line     0x00000000      0xdad
 *(.debug_line)
 .debug_line    0x00000000       0xa7 d:/ma downloads/drive-download-20230713t222728z-001/01- imt sdk/imt_sdk_win_32/imt_sdk_win_32/winavr/bin/../lib/gcc/avr/4.3.3/avr5\libgcc.a(_fixunssfsi.o)
 .debug_line    0x000000a7      0x2af d:/ma downloads/drive-download-20230713t222728z-001/01- imt sdk/imt_sdk_win_32/imt_sdk_win_32/winavr/bin/../lib/gcc/avr/4.3.3/avr5\libgcc.a(_addsub_sf.o)
 .debug_line    0x00000356      0x239 d:/ma downloads/drive-download-20230713t222728z-001/01- imt sdk/imt_sdk_win_32/imt_sdk_win_32/winavr/bin/../lib/gcc/avr/4.3.3/avr5\libgcc.a(_mul_sf.o)
 .debug_line    0x0000058f       0xd3 d:/ma downloads/drive-download-20230713t222728z-001/01- imt sdk/imt_sdk_win_32/imt_sdk_win_32/winavr/bin/../lib/gcc/avr/4.3.3/avr5\libgcc.a(_gt_sf.o)
 .debug_line    0x00000662       0xd3 d:/ma downloads/drive-download-20230713t222728z-001/01- imt sdk/imt_sdk_win_32/imt_sdk_win_32/winavr/bin/../lib/gcc/avr/4.3.3/avr5\libgcc.a(_ge_sf.o)
 .debug_line    0x00000735       0xd3 d:/ma downloads/drive-download-20230713t222728z-001/01- imt sdk/imt_sdk_win_32/imt_sdk_win_32/winavr/bin/../lib/gcc/avr/4.3.3/avr5\libgcc.a(_lt_sf.o)
 .debug_line    0x00000808      0x109 d:/ma downloads/drive-download-20230713t222728z-001/01- imt sdk/imt_sdk_win_32/imt_sdk_win_32/winavr/bin/../lib/gcc/avr/4.3.3/avr5\libgcc.a(_sf_to_si.o)
 .debug_line    0x00000911       0x90 d:/ma downloads/drive-download-20230713t222728z-001/01- imt sdk/imt_sdk_win_32/imt_sdk_win_32/winavr/bin/../lib/gcc/avr/4.3.3/avr5\libgcc.a(_thenan_sf.o)
 .debug_line    0x000009a1      0x18a d:/ma downloads/drive-download-20230713t222728z-001/01- imt sdk/imt_sdk_win_32/imt_sdk_win_32/winavr/bin/../lib/gcc/avr/4.3.3/avr5\libgcc.a(_pack_sf.o)
 .debug_line    0x00000b2b      0x14b d:/ma downloads/drive-download-20230713t222728z-001/01- imt sdk/imt_sdk_win_32/imt_sdk_win_32/winavr/bin/../lib/gcc/avr/4.3.3/avr5\libgcc.a(_unpack_sf.o)
 .debug_line    0x00000c76      0x137 d:/ma downloads/drive-download-20230713t222728z-001/01- imt sdk/imt_sdk_win_32/imt_sdk_win_32/winavr/bin/../lib/gcc/avr/4.3.3/avr5\libgcc.a(_fpcmp_parts_sf.o)

.debug_frame    0x00000000      0x160
 *(.debug_frame)
 .debug_frame   0x00000000       0x20 d:/ma downloads/drive-download-20230713t222728z-001/01- imt sdk/imt_sdk_win_32/imt_sdk_win_32/winavr/bin/../lib/gcc/avr/4.3.3/avr5\libgcc.a(_fixunssfsi.o)
 .debug_frame   0x00000020       0x40 d:/ma downloads/drive-download-20230713t222728z-001/01- imt sdk/imt_sdk_win_32/imt_sdk_win_32/winavr/bin/../lib/gcc/avr/4.3.3/avr5\libgcc.a(_addsub_sf.o)
 .debug_frame   0x00000060       0x20 d:/ma downloads/drive-download-20230713t222728z-001/01- imt sdk/imt_sdk_win_32/imt_sdk_win_32/winavr/bin/../lib/gcc/avr/4.3.3/avr5\libgcc.a(_mul_sf.o)
 .debug_frame   0x00000080       0x20 d:/ma downloads/drive-download-20230713t222728z-001/01- imt sdk/imt_sdk_win_32/imt_sdk_win_32/winavr/bin/../lib/gcc/avr/4.3.3/avr5\libgcc.a(_gt_sf.o)
 .debug_frame   0x000000a0       0x20 d:/ma downloads/drive-download-20230713t222728z-001/01- imt sdk/imt_sdk_win_32/imt_sdk_win_32/winavr/bin/../lib/gcc/avr/4.3.3/avr5\libgcc.a(_ge_sf.o)
 .debug_frame   0x000000c0       0x20 d:/ma downloads/drive-download-20230713t222728z-001/01- imt sdk/imt_sdk_win_32/imt_sdk_win_32/winavr/bin/../lib/gcc/avr/4.3.3/avr5\libgcc.a(_lt_sf.o)
 .debug_frame   0x000000e0       0x20 d:/ma downloads/drive-download-20230713t222728z-001/01- imt sdk/imt_sdk_win_32/imt_sdk_win_32/winavr/bin/../lib/gcc/avr/4.3.3/avr5\libgcc.a(_sf_to_si.o)
 .debug_frame   0x00000100       0x20 d:/ma downloads/drive-download-20230713t222728z-001/01- imt sdk/imt_sdk_win_32/imt_sdk_win_32/winavr/bin/../lib/gcc/avr/4.3.3/avr5\libgcc.a(_pack_sf.o)
 .debug_frame   0x00000120       0x20 d:/ma downloads/drive-download-20230713t222728z-001/01- imt sdk/imt_sdk_win_32/imt_sdk_win_32/winavr/bin/../lib/gcc/avr/4.3.3/avr5\libgcc.a(_unpack_sf.o)
 .debug_frame   0x00000140       0x20 d:/ma downloads/drive-download-20230713t222728z-001/01- imt sdk/imt_sdk_win_32/imt_sdk_win_32/winavr/bin/../lib/gcc/avr/4.3.3/avr5\libgcc.a(_fpcmp_parts_sf.o)

.debug_str      0x00000000      0x28d
 *(.debug_str)
 .debug_str     0x00000000       0xbf d:/ma downloads/drive-download-20230713t222728z-001/01- imt sdk/imt_sdk_win_32/imt_sdk_win_32/winavr/bin/../lib/gcc/avr/4.3.3/avr5\libgcc.a(_fixunssfsi.o)
                                 0xfe (size before relaxing)
 .debug_str     0x000000bf      0x14d d:/ma downloads/drive-download-20230713t222728z-001/01- imt sdk/imt_sdk_win_32/imt_sdk_win_32/winavr/bin/../lib/gcc/avr/4.3.3/avr5\libgcc.a(_addsub_sf.o)
                                0x206 (size before relaxing)
 .debug_str     0x0000020c       0x27 d:/ma downloads/drive-download-20230713t222728z-001/01- imt sdk/imt_sdk_win_32/imt_sdk_win_32/winavr/bin/../lib/gcc/avr/4.3.3/avr5\libgcc.a(_mul_sf.o)
                                0x1bf (size before relaxing)
 .debug_str     0x00000233        0xf d:/ma downloads/drive-download-20230713t222728z-001/01- imt sdk/imt_sdk_win_32/imt_sdk_win_32/winavr/bin/../lib/gcc/avr/4.3.3/avr5\libgcc.a(_gt_sf.o)
                                0x195 (size before relaxing)
 .debug_str     0x00000242        0x8 d:/ma downloads/drive-download-20230713t222728z-001/01- imt sdk/imt_sdk_win_32/imt_sdk_win_32/winavr/bin/../lib/gcc/avr/4.3.3/avr5\libgcc.a(_ge_sf.o)
                                0x195 (size before relaxing)
 .debug_str     0x0000024a        0x8 d:/ma downloads/drive-download-20230713t222728z-001/01- imt sdk/imt_sdk_win_32/imt_sdk_win_32/winavr/bin/../lib/gcc/avr/4.3.3/avr5\libgcc.a(_lt_sf.o)
                                0x195 (size before relaxing)
 .debug_str     0x00000252        0xa d:/ma downloads/drive-download-20230713t222728z-001/01- imt sdk/imt_sdk_win_32/imt_sdk_win_32/winavr/bin/../lib/gcc/avr/4.3.3/avr5\libgcc.a(_sf_to_si.o)
                                0x19e (size before relaxing)
 .debug_str     0x00000000      0x103 d:/ma downloads/drive-download-20230713t222728z-001/01- imt sdk/imt_sdk_win_32/imt_sdk_win_32/winavr/bin/../lib/gcc/avr/4.3.3/avr5\libgcc.a(_thenan_sf.o)
 .debug_str     0x0000025c       0x16 d:/ma downloads/drive-download-20230713t222728z-001/01- imt sdk/imt_sdk_win_32/imt_sdk_win_32/winavr/bin/../lib/gcc/avr/4.3.3/avr5\libgcc.a(_pack_sf.o)
                                0x19d (size before relaxing)
 .debug_str     0x00000272        0xb d:/ma downloads/drive-download-20230713t222728z-001/01- imt sdk/imt_sdk_win_32/imt_sdk_win_32/winavr/bin/../lib/gcc/avr/4.3.3/avr5\libgcc.a(_unpack_sf.o)
                                0x17f (size before relaxing)
 .debug_str     0x0000027d       0x10 d:/ma downloads/drive-download-20230713t222728z-001/01- imt sdk/imt_sdk_win_32/imt_sdk_win_32/winavr/bin/../lib/gcc/avr/4.3.3/avr5\libgcc.a(_fpcmp_parts_sf.o)
                                0x163 (size before relaxing)

.debug_loc      0x00000000      0x7ce
 *(.debug_loc)
 .debug_loc     0x00000000       0x34 d:/ma downloads/drive-download-20230713t222728z-001/01- imt sdk/imt_sdk_win_32/imt_sdk_win_32/winavr/bin/../lib/gcc/avr/4.3.3/avr5\libgcc.a(_fixunssfsi.o)
 .debug_loc     0x00000034      0x32a d:/ma downloads/drive-download-20230713t222728z-001/01- imt sdk/imt_sdk_win_32/imt_sdk_win_32/winavr/bin/../lib/gcc/avr/4.3.3/avr5\libgcc.a(_addsub_sf.o)
 .debug_loc     0x0000035e      0x104 d:/ma downloads/drive-download-20230713t222728z-001/01- imt sdk/imt_sdk_win_32/imt_sdk_win_32/winavr/bin/../lib/gcc/avr/4.3.3/avr5\libgcc.a(_mul_sf.o)
 .debug_loc     0x00000462       0x3c d:/ma downloads/drive-download-20230713t222728z-001/01- imt sdk/imt_sdk_win_32/imt_sdk_win_32/winavr/bin/../lib/gcc/avr/4.3.3/avr5\libgcc.a(_gt_sf.o)
 .debug_loc     0x0000049e       0x3c d:/ma downloads/drive-download-20230713t222728z-001/01- imt sdk/imt_sdk_win_32/imt_sdk_win_32/winavr/bin/../lib/gcc/avr/4.3.3/avr5\libgcc.a(_ge_sf.o)
 .debug_loc     0x000004da       0x3c d:/ma downloads/drive-download-20230713t222728z-001/01- imt sdk/imt_sdk_win_32/imt_sdk_win_32/winavr/bin/../lib/gcc/avr/4.3.3/avr5\libgcc.a(_lt_sf.o)
 .debug_loc     0x00000516       0x7e d:/ma downloads/drive-download-20230713t222728z-001/01- imt sdk/imt_sdk_win_32/imt_sdk_win_32/winavr/bin/../lib/gcc/avr/4.3.3/avr5\libgcc.a(_sf_to_si.o)
 .debug_loc     0x00000594      0x13e d:/ma downloads/drive-download-20230713t222728z-001/01- imt sdk/imt_sdk_win_32/imt_sdk_win_32/winavr/bin/../lib/gcc/avr/4.3.3/avr5\libgcc.a(_pack_sf.o)
 .debug_loc     0x000006d2       0xac d:/ma downloads/drive-download-20230713t222728z-001/01- imt sdk/imt_sdk_win_32/imt_sdk_win_32/winavr/bin/../lib/gcc/avr/4.3.3/avr5\libgcc.a(_unpack_sf.o)
 .debug_loc     0x0000077e       0x50 d:/ma downloads/drive-download-20230713t222728z-001/01- imt sdk/imt_sdk_win_32/imt_sdk_win_32/winavr/bin/../lib/gcc/avr/4.3.3/avr5\libgcc.a(_fpcmp_parts_sf.o)

.debug_macinfo
 *(.debug_macinfo)
OUTPUT(imt_driver.elf elf32-avr)
LOAD linker stubs

.debug_ranges   0x00000000       0x50
 .debug_ranges  0x00000000       0x50 d:/ma downloads/drive-download-20230713t222728z-001/01- imt sdk/imt_sdk_win_32/imt_sdk_win_32/winavr/bin/../lib/gcc/avr/4.3.3/avr5\libgcc.a(_mul_sf.o)
